\BOOKMARK [0][-]{control.0}{\376\377\000C\000o\000n\000t\000r\000o\000l\000\040\000d\000e\000l\000\040\000d\000o\000c\000u\000m\000e\000n\000t\000o}{}% 1
\BOOKMARK [0][-]{toc.0}{\376\377\000\315\000n\000d\000i\000c\000e}{}% 2
\BOOKMARK [0][-]{chapter.1}{\376\377\000I\000n\000t\000r\000o\000d\000u\000c\000c\000i\000\363\000n}{}% 3
\BOOKMARK [1][-]{section.1.1}{\376\377\000E\000l\000\040\000p\000r\000o\000b\000l\000e\000m\000a}{chapter.1}% 4
\BOOKMARK [1][-]{section.1.2}{\376\377\000Q\000u\000\351\000\040\000h\000a\000c\000e\000\040\000e\000l\000\040\000s\000i\000s\000t\000e\000m\000a}{chapter.1}% 5
\BOOKMARK [1][-]{section.1.3}{\376\377\000G\000l\000o\000s\000a\000r\000i\000o}{chapter.1}% 6
\BOOKMARK [0][-]{chapter.2}{\376\377\000R\000e\000q\000u\000i\000s\000i\000t\000o\000s}{}% 7
\BOOKMARK [1][-]{section.2.1}{\376\377\000R\000e\000q\000u\000i\000s\000i\000t\000o\000s\000\040\000f\000u\000n\000c\000i\000o\000n\000a\000l\000e\000s}{chapter.2}% 8
\BOOKMARK [1][-]{section.2.2}{\376\377\000R\000e\000q\000u\000i\000s\000i\000t\000o\000s\000\040\000n\000o\000\040\000f\000u\000n\000c\000i\000o\000n\000a\000l\000e\000s}{chapter.2}% 9
\BOOKMARK [1][-]{section.2.3}{\376\377\000H\000i\000s\000t\000o\000r\000i\000a\000s\000\040\000d\000e\000\040\000u\000s\000u\000a\000r\000i\000o}{chapter.2}% 10
\BOOKMARK [1][-]{section.2.4}{\376\377\000T\000r\000a\000z\000a\000b\000i\000l\000i\000d\000a\000d}{chapter.2}% 11
\BOOKMARK [0][-]{chapter.3}{\376\377\000A\000r\000q\000u\000i\000t\000e\000c\000t\000u\000r\000a}{}% 12
\BOOKMARK [1][-]{section.3.1}{\376\377\000V\000i\000s\000t\000a\000\040\000d\000e\000\040\000c\000o\000n\000t\000e\000x\000t\000o}{chapter.3}% 13
\BOOKMARK [1][-]{section.3.2}{\376\377\000V\000i\000s\000t\000a\000\040\000d\000e\000\040\000c\000o\000n\000t\000e\000n\000e\000d\000o\000r\000e\000s}{chapter.3}% 14
\BOOKMARK [1][-]{section.3.3}{\376\377\000E\000l\000\040\000m\000o\000n\000o\000r\000e\000p\000o}{chapter.3}% 15
\BOOKMARK [1][-]{section.3.4}{\376\377\000T\000e\000c\000n\000o\000l\000o\000g\000\355\000a\000s}{chapter.3}% 16
\BOOKMARK [1][-]{section.3.5}{\376\377\000R\000e\000g\000l\000a\000s\000\040\000d\000e\000\040\000a\000r\000q\000u\000i\000t\000e\000c\000t\000u\000r\000a}{chapter.3}% 17
\BOOKMARK [0][-]{chapter.4}{\376\377\000M\000o\000d\000e\000l\000o\000\040\000d\000e\000\040\000d\000a\000t\000o\000s}{}% 18
\BOOKMARK [1][-]{section.4.1}{\376\377\000D\000o\000s\000\040\000e\000s\000q\000u\000e\000m\000a\000s\000,\000\040\000d\000o\000s\000\040\000h\000e\000r\000r\000a\000m\000i\000e\000n\000t\000a\000s\000\040\000d\000e\000\040\000m\000i\000g\000r\000a\000c\000i\000\363\000n}{chapter.4}% 19
\BOOKMARK [1][-]{section.4.2}{\376\377\000C\000a\000t\000\341\000l\000o\000g\000o\000\040\000y\000\040\000c\000o\000l\000e\000c\000c\000i\000\363\000n}{chapter.4}% 20
\BOOKMARK [2][-]{subsection.4.2.1}{\376\377\000P\000o\000r\000\040\000q\000u\000\351\000\040\000p\000k\000R\000e\000d\000D\000e\000e\000p\000\137\000c\000a\000r\000d\000\137\000p\000r\000i\000c\000e\000\040\000e\000s\000\040\000u\000n\000a\000\040\000f\000i\000l\000a\000\040\000p\000o\000r\000\040\000c\000a\000r\000t\000a\000\040\000y\000\040\000p\000o\000r\000\040\000d\000\355\000a}{section.4.2}% 21
\BOOKMARK [2][-]{subsection.4.2.2}{\376\377\000P\000o\000r\000\040\000q\000u\000\351\000\040\000u\000n\000\040\000s\000o\000b\000r\000a\000n\000t\000e\000\040\000e\000s\000\040\000p\000k\000R\000e\000d\000D\000e\000e\000p\000\137\000S\000U\000M\000\050\000q\000u\000a\000n\000t\000i\000t\000y\000\051\000\040\000>\000\040\0001}{section.4.2}% 22
\BOOKMARK [2][-]{subsection.4.2.3}{\376\377\000P\000o\000r\000\040\000q\000u\000\351\000\040\000e\000l\000\040\000\372\000n\000i\000c\000o\000\040\000d\000e\000\040\000p\000k\000R\000e\000d\000D\000e\000e\000p\000\137\000c\000o\000l\000l\000e\000c\000t\000i\000o\000n\000\137\000i\000t\000e\000m\000\040\000u\000s\000a\000\040\000p\000k\000R\000e\000d\000D\000e\000e\000p\000\137\000N\000U\000L\000L\000S\000\040\000N\000O\000T\000\040\000D\000I\000S\000T\000I\000N\000C\000T}{section.4.2}% 23
\BOOKMARK [1][-]{section.4.3}{\376\377\000I\000n\000t\000e\000r\000c\000a\000m\000b\000i\000o\000,\000\040\000c\000o\000n\000v\000e\000r\000s\000a\000c\000i\000\363\000n\000\040\000y\000\040\000m\000e\000n\000s\000a\000j\000e\000r\000\355\000a}{chapter.4}% 24
\BOOKMARK [2][-]{subsection.4.3.1}{\376\377\000U\000n\000a\000\040\000o\000f\000e\000r\000t\000a\000\040\000t\000i\000e\000n\000e\000\040\000d\000e\000s\000t\000i\000n\000a\000t\000a\000r\000i\000o\000;\000\040\000u\000n\000a\000\040\000p\000u\000b\000l\000i\000c\000a\000c\000i\000\363\000n\000,\000\040\000n\000o}{section.4.3}% 25
\BOOKMARK [2][-]{subsection.4.3.2}{\376\377\000P\000o\000r\000\040\000q\000u\000\351\000\040\000l\000a\000\040\000c\000o\000n\000d\000i\000c\000i\000\363\000n\000\040\000s\000e\000\040\000c\000o\000p\000i\000a\000\040\000y\000\040\000l\000a\000\040\000c\000a\000n\000t\000i\000d\000a\000d\000\040\000n\000o\000\040\000s\000e\000\040\000g\000u\000a\000r\000d\000a}{section.4.3}% 26
\BOOKMARK [2][-]{subsection.4.3.3}{\376\377\000L\000o\000s\000\040\000m\000u\000l\000t\000i\000p\000l\000i\000c\000a\000d\000o\000r\000e\000s\000\040\000d\000e\000\040\000c\000o\000n\000d\000i\000c\000i\000\363\000n}{section.4.3}% 27
\BOOKMARK [2][-]{subsection.4.3.4}{\376\377\000U\000n\000\040\000h\000i\000l\000o\000\040\000e\000s\000\040\000u\000n\000\040\000p\000a\000r\000\040\000o\000r\000d\000e\000n\000a\000d\000o}{section.4.3}% 28
\BOOKMARK [2][-]{subsection.4.3.5}{\376\377\000E\000l\000\040\000h\000i\000s\000t\000o\000r\000i\000a\000l\000\040\000d\000e\000l\000\040\000a\000s\000i\000s\000t\000e\000n\000t\000e\000\040\000s\000e\000\040\000g\000u\000a\000r\000d\000a\000\040\000\355\000n\000t\000e\000g\000r\000o}{section.4.3}% 29
\BOOKMARK [1][-]{section.4.4}{\376\377\000\315\000n\000d\000i\000c\000e\000s\000\040\000y\000\040\000r\000e\000s\000t\000r\000i\000c\000c\000i\000o\000n\000e\000s\000\040\000q\000u\000e\000\040\000i\000m\000p\000o\000r\000t\000a\000n}{chapter.4}% 30
\BOOKMARK [1][-]{section.4.5}{\376\377\000M\000i\000g\000r\000a\000c\000i\000o\000n\000e\000s}{chapter.4}% 31
\BOOKMARK [0][-]{chapter.5}{\376\377\000B\000a\000c\000k\000e\000n\000d}{}% 32
\BOOKMARK [1][-]{section.5.1}{\376\377\000C\000a\000p\000a\000s}{chapter.5}% 33
\BOOKMARK [1][-]{section.5.2}{\376\377\000p\000k\000R\000e\000d\000D\000e\000e\000p\000\137\000C\000o\000m\000m\000i\000t\000t\000i\000n\000g\000R\000o\000u\000t\000e\000:\000\040\000c\000o\000n\000f\000i\000r\000m\000a\000r\000\040\000a\000n\000t\000e\000s\000\040\000d\000e\000\040\000r\000e\000s\000p\000o\000n\000d\000e\000r}{chapter.5}% 34
\BOOKMARK [1][-]{section.5.3}{\376\377\000P\000a\000g\000i\000n\000a\000c\000i\000\363\000n\000\040\000t\000i\000p\000a\000d\000a\000:\000\040\000p\000k\000R\000e\000d\000D\000e\000e\000p\000\137\000P\000a\000g\000e\000[\000T\000]}{chapter.5}% 35
\BOOKMARK [1][-]{section.5.4}{\376\377\000A\000u\000t\000e\000n\000t\000i\000c\000a\000c\000i\000\363\000n}{chapter.5}% 36
\BOOKMARK [1][-]{section.5.5}{\376\377\000C\000a\000t\000\341\000l\000o\000g\000o\000\040\000d\000e\000\040\000e\000n\000d\000p\000o\000i\000n\000t\000s}{chapter.5}% 37
\BOOKMARK [1][-]{section.5.6}{\376\377\000L\000a\000\040\000r\000e\000s\000o\000l\000u\000c\000i\000\363\000n\000\040\000d\000e\000\040\000u\000n\000\040\000e\000s\000c\000a\000n\000e\000o}{chapter.5}% 38
\BOOKMARK [1][-]{section.5.7}{\376\377\000L\000a\000\040\000l\000e\000c\000t\000u\000r\000a\000\040\000d\000i\000a\000r\000i\000a\000\040\000d\000e\000\040\000p\000r\000e\000c\000i\000o\000s}{chapter.5}% 39
\BOOKMARK [1][-]{section.5.8}{\376\377\000E\000l\000\040\000s\000e\000r\000v\000i\000d\000o\000r\000\040\000M\000C\000P}{chapter.5}% 40
\BOOKMARK [1][-]{section.5.9}{\376\377\000E\000l\000\040\000a\000g\000e\000n\000t\000e}{chapter.5}% 41
\BOOKMARK [1][-]{section.5.10}{\376\377\000A\000l\000m\000a\000c\000e\000n\000a\000m\000i\000e\000n\000t\000o\000\040\000d\000e\000\040\000i\000m\000\341\000g\000e\000n\000e\000s}{chapter.5}% 42
\BOOKMARK [1][-]{section.5.11}{\376\377\000C\000o\000n\000f\000i\000g\000u\000r\000a\000c\000i\000\363\000n}{chapter.5}% 43
\BOOKMARK [0][-]{chapter.6}{\376\377\000F\000r\000o\000n\000t\000e\000n\000d}{}% 44
\BOOKMARK [1][-]{section.6.1}{\376\377\000E\000s\000t\000r\000u\000c\000t\000u\000r\000a\000\040\000d\000e\000\040\000r\000u\000t\000a\000s}{chapter.6}% 45
\BOOKMARK [1][-]{section.6.2}{\376\377\000A\000u\000t\000e\000n\000t\000i\000c\000a\000c\000i\000\363\000n\000\040\000e\000n\000\040\000e\000l\000\040\000c\000l\000i\000e\000n\000t\000e}{chapter.6}% 46
\BOOKMARK [1][-]{section.6.3}{\376\377\000E\000l\000\040\000e\000n\000v\000o\000l\000t\000o\000r\000i\000o\000\040\000d\000e\000l\000\040\000c\000l\000i\000e\000n\000t\000e\000\040\000g\000e\000n\000e\000r\000a\000d\000o}{chapter.6}% 47
\BOOKMARK [1][-]{section.6.4}{\376\377\000R\000e\000g\000e\000n\000e\000r\000a\000c\000i\000\363\000n\000\040\000d\000e\000l\000\040\000c\000l\000i\000e\000n\000t\000e\000\040\000t\000i\000p\000a\000d\000o}{chapter.6}% 48
\BOOKMARK [1][-]{section.6.5}{\376\377\000T\000a\000n\000S\000t\000a\000c\000k\000\040\000Q\000u\000e\000r\000y}{chapter.6}% 49
\BOOKMARK [1][-]{section.6.6}{\376\377\000L\000a\000\040\000U\000R\000L\000\040\000c\000o\000m\000o\000\040\000e\000s\000t\000a\000d\000o}{chapter.6}% 50
\BOOKMARK [1][-]{section.6.7}{\376\377\000E\000l\000\040\000s\000i\000s\000t\000e\000m\000a\000\040\000d\000e\000\040\000d\000i\000s\000e\000\361\000o}{chapter.6}% 51
\BOOKMARK [1][-]{section.6.8}{\376\377\000E\000m\000p\000a\000q\000u\000e\000t\000a\000d\000o}{chapter.6}% 52
\BOOKMARK [0][-]{chapter.7}{\376\377\000F\000l\000u\000j\000o\000s}{}% 53
\BOOKMARK [1][-]{section.7.1}{\376\377\000E\000s\000c\000a\000n\000e\000o\000\040\000d\000e\000\040\000u\000n\000a\000\040\000c\000a\000r\000t\000a}{chapter.7}% 54
\BOOKMARK [1][-]{section.7.2}{\376\377\000U\000n\000\040\000t\000u\000r\000n\000o\000\040\000d\000e\000l\000\040\000a\000s\000i\000s\000t\000e\000n\000t\000e\000\040\000s\000o\000b\000r\000e\000\040\000M\000C\000P}{chapter.7}% 55
\BOOKMARK [1][-]{section.7.3}{\376\377\000T\000o\000m\000a\000r\000\040\000u\000n\000a\000\040\000p\000u\000b\000l\000i\000c\000a\000c\000i\000\363\000n\000\040\000d\000e\000l\000\040\000t\000a\000b\000l\000\363\000n}{chapter.7}% 56
\BOOKMARK [0][-]{chapter.8}{\376\377\000C\000a\000l\000i\000d\000a\000d}{}% 57
\BOOKMARK [1][-]{section.8.1}{\376\377\000E\000s\000t\000r\000a\000t\000e\000g\000i\000a}{chapter.8}% 58
\BOOKMARK [1][-]{section.8.2}{\376\377\000L\000a\000s\000\040\000p\000r\000u\000e\000b\000a\000s\000\040\000d\000e\000\040\000l\000a\000\040\000A\000P\000I}{chapter.8}% 59
\BOOKMARK [1][-]{section.8.3}{\376\377\000L\000a\000s\000\040\000p\000r\000u\000e\000b\000a\000s\000\040\000d\000e\000\040\000l\000a\000\040\000w\000e\000b}{chapter.8}% 60
\BOOKMARK [1][-]{section.8.4}{\376\377\000A\000n\000\341\000l\000i\000s\000i\000s\000\040\000e\000s\000t\000\341\000t\000i\000c\000o}{chapter.8}% 61
\BOOKMARK [1][-]{section.8.5}{\376\377\000E\000j\000e\000c\000u\000c\000i\000\363\000n\000\040\000d\000e\000\040\000r\000e\000f\000e\000r\000e\000n\000c\000i\000a}{chapter.8}% 62
\BOOKMARK [0][-]{chapter.9}{\376\377\000I\000n\000t\000e\000g\000r\000a\000c\000i\000\363\000n\000\040\000c\000o\000n\000t\000i\000n\000u\000a\000\040\000y\000\040\000d\000e\000s\000p\000l\000i\000e\000g\000u\000e}{}% 63
\BOOKMARK [1][-]{section.9.1}{\376\377\000E\000l\000\040\000p\000i\000p\000e\000l\000i\000n\000e}{chapter.9}% 64
\BOOKMARK [2][-]{subsection.9.1.1}{\376\377\000J\000o\000b\000\040\000A\000P\000I}{section.9.1}% 65
\BOOKMARK [2][-]{subsection.9.1.2}{\376\377\000J\000o\000b\000\040\000W\000e\000b}{section.9.1}% 66
\BOOKMARK [1][-]{section.9.2}{\376\377\000I\000m\000\341\000g\000e\000n\000e\000s}{chapter.9}% 67
\BOOKMARK [1][-]{section.9.3}{\376\377\000F\000o\000r\000m\000a\000\040\000d\000e\000l\000\040\000d\000e\000s\000p\000l\000i\000e\000g\000u\000e}{chapter.9}% 68
\BOOKMARK [0][-]{chapter.10}{\376\377\000M\000a\000n\000u\000a\000l\000\040\000d\000e\000\040\000i\000n\000s\000t\000a\000l\000a\000c\000i\000\363\000n}{}% 69
\BOOKMARK [1][-]{section.10.1}{\376\377\000R\000e\000q\000u\000i\000s\000i\000t\000o\000s\000\040\000p\000r\000e\000v\000i\000o\000s}{chapter.10}% 70
\BOOKMARK [1][-]{section.10.2}{\376\377\000P\000u\000e\000s\000t\000a\000\040\000e\000n\000\040\000m\000a\000r\000c\000h\000a\000,\000\040\000p\000a\000s\000o\000\040\000a\000\040\000p\000a\000s\000o}{chapter.10}% 71
\BOOKMARK [2][-]{subsection.10.2.1}{\376\377\0001\000\040\000\267\000\040\000C\000l\000o\000n\000a\000r\000\040\000y\000\040\000p\000r\000e\000p\000a\000r\000a\000r\000\040\000e\000l\000\040\000e\000n\000t\000o\000r\000n\000o}{section.10.2}% 72
\BOOKMARK [2][-]{subsection.10.2.2}{\376\377\0002\000\040\000\267\000\040\000L\000e\000v\000a\000n\000t\000a\000r\000\040\000l\000a\000\040\000b\000a\000s\000e\000\040\000d\000e\000\040\000d\000a\000t\000o\000s}{section.10.2}% 73
\BOOKMARK [2][-]{subsection.10.2.3}{\376\377\0003\000\040\000\267\000\040\000I\000n\000s\000t\000a\000l\000a\000r\000\040\000d\000e\000p\000e\000n\000d\000e\000n\000c\000i\000a\000s\000\040\000d\000e\000\040\000J\000a\000v\000a\000S\000c\000r\000i\000p\000t}{section.10.2}% 74
\BOOKMARK [2][-]{subsection.10.2.4}{\376\377\0004\000\040\000\267\000\040\000M\000i\000g\000r\000a\000r\000\040\000e\000l\000\040\000e\000s\000q\000u\000e\000m\000a\000\040\000p\000k\000R\000e\000d\000D\000e\000e\000p\000\137\000a\000u\000t\000h}{section.10.2}% 75
\BOOKMARK [2][-]{subsection.10.2.5}{\376\377\0005\000\040\000\267\000\040\000M\000i\000g\000r\000a\000r\000\040\000e\000l\000\040\000e\000s\000q\000u\000e\000m\000a\000\040\000p\000k\000R\000e\000d\000D\000e\000e\000p\000\137\000p\000o\000k\000e\000d\000e\000x\000\040\000y\000\040\000s\000e\000m\000b\000r\000a\000r\000\040\000e\000l\000\040\000c\000a\000t\000\341\000l\000o\000g\000o}{section.10.2}% 76
\BOOKMARK [2][-]{subsection.10.2.6}{\376\377\0006\000\040\000\267\000\040\000A\000r\000r\000a\000n\000c\000a\000r}{section.10.2}% 77
\BOOKMARK [2][-]{subsection.10.2.7}{\376\377\0007\000\040\000\267\000\040\000E\000l\000\040\000m\000o\000d\000e\000l\000o\000\040\000\050\000o\000p\000c\000i\000o\000n\000a\000l\000\051}{section.10.2}% 78
\BOOKMARK [1][-]{section.10.3}{\376\377\000V\000e\000r\000i\000f\000i\000c\000a\000c\000i\000\363\000n\000\040\000d\000e\000\040\000l\000a\000\040\000i\000n\000s\000t\000a\000l\000a\000c\000i\000\363\000n}{chapter.10}% 79
\BOOKMARK [1][-]{section.10.4}{\376\377\000D\000a\000t\000o\000s\000\040\000d\000e\000\040\000e\000j\000e\000m\000p\000l\000o}{chapter.10}% 80
\BOOKMARK [1][-]{section.10.5}{\376\377\000T\000o\000d\000o\000\040\000e\000n\000\040\000c\000o\000n\000t\000e\000n\000e\000d\000o\000r\000e\000s}{chapter.10}% 81
\BOOKMARK [1][-]{section.10.6}{\376\377\000P\000r\000o\000b\000l\000e\000m\000a\000s\000\040\000f\000r\000e\000c\000u\000e\000n\000t\000e\000s}{chapter.10}% 82
\BOOKMARK [0][-]{chapter.11}{\376\377\000B\000i\000t\000\341\000c\000o\000r\000a\000\040\000d\000e\000\040\000d\000e\000c\000i\000s\000i\000o\000n\000e\000s}{}% 83
\BOOKMARK [0][-]{appendix.Alph1}{\376\377\000A\000n\000e\000x\000o\000s}{}% 84
\BOOKMARK [1][-]{section.Alph1.1}{\376\377\000V\000a\000r\000i\000a\000b\000l\000e\000s\000\040\000d\000e\000\040\000e\000n\000t\000o\000r\000n\000o\000,\000\040\000c\000o\000m\000p\000l\000e\000t\000a\000s}{appendix.Alph1}% 85
\BOOKMARK [1][-]{section.Alph1.2}{\376\377\000C\000o\000m\000a\000n\000d\000o\000s\000\040\000d\000e\000\040\000r\000e\000f\000e\000r\000e\000n\000c\000i\000a}{appendix.Alph1}% 86
\BOOKMARK [1][-]{section.Alph1.3}{\376\377\000C\000o\000n\000e\000c\000t\000a\000r\000\040\000u\000n\000\040\000a\000s\000i\000s\000t\000e\000n\000t\000e\000\040\000e\000x\000t\000e\000r\000n\000o\000\040\000p\000o\000r\000\040\000M\000C\000P}{appendix.Alph1}% 87
\BOOKMARK [1][-]{section.Alph1.4}{\376\377\000C\000\363\000m\000o\000\040\000s\000e\000\040\000c\000o\000n\000s\000t\000r\000u\000y\000e\000\040\000e\000s\000t\000e\000\040\000d\000o\000c\000u\000m\000e\000n\000t\000o}{appendix.Alph1}% 88
